c:\users\moise\documents\vs_projects\moicraft\moicraft\x64\debug\vc142.pdb
c:\users\moise\documents\vs_projects\moicraft\moicraft\x64\debug\vc142.idb
c:\users\moise\documents\vs_projects\moicraft\moicraft\x64\debug\worldmanager.obj
c:\users\moise\documents\vs_projects\moicraft\moicraft\x64\debug\window.obj
c:\users\moise\documents\vs_projects\moicraft\moicraft\x64\debug\texturemanager.obj
c:\users\moise\documents\vs_projects\moicraft\moicraft\x64\debug\main.obj
c:\users\moise\documents\vs_projects\moicraft\moicraft\x64\debug\inputmanager.obj
c:\users\moise\documents\vs_projects\moicraft\moicraft\x64\debug\game.obj
c:\users\moise\documents\vs_projects\moicraft\moicraft\x64\debug\chunkmanager.obj
c:\users\moise\documents\vs_projects\moicraft\moicraft\x64\debug\camera.obj
c:\users\moise\documents\vs_projects\moicraft\moicraft\x64\debug\block.obj
c:\users\moise\documents\vs_projects\moicraft\moicraft\x64\debug\glad.obj
c:\users\moise\documents\vs_projects\moicraft\moicraft\x64\debug\moicraft.ilk
c:\users\moise\documents\vs_projects\moicraft\x64\debug\moicraft.exe
c:\users\moise\documents\vs_projects\moicraft\x64\debug\moicraft.pdb
c:\users\moise\documents\vs_projects\moicraft\moicraft\x64\debug\moicraft.tlog\cl.command.1.tlog
c:\users\moise\documents\vs_projects\moicraft\moicraft\x64\debug\moicraft.tlog\cl.read.1.tlog
c:\users\moise\documents\vs_projects\moicraft\moicraft\x64\debug\moicraft.tlog\cl.write.1.tlog
c:\users\moise\documents\vs_projects\moicraft\moicraft\x64\debug\moicraft.tlog\link.command.1.tlog
c:\users\moise\documents\vs_projects\moicraft\moicraft\x64\debug\moicraft.tlog\link.read.1.tlog
c:\users\moise\documents\vs_projects\moicraft\moicraft\x64\debug\moicraft.tlog\link.write.1.tlog
